Copyright 1986-2018 Xilinx, Inc. All Rights Reserved.
--------------------------------------------------------------------------------------
| Tool Version : Vivado v.2018.2 (win64) Build 2258646 Thu Jun 14 20:03:12 MDT 2018
| Date         : Sun May 29 03:49:48 2022
| Host         : DESKTOP-F9B13MH running 64-bit major release  (build 9200)
| Command      : report_control_sets -verbose -file dig_clock_control_sets_placed.rpt
| Design       : dig_clock
| Device       : xc7a35t
--------------------------------------------------------------------------------------

Control Set Information

Table of Contents
-----------------
1. Summary
2. Histogram
3. Flip-Flop Distribution
4. Detailed Control Set Information

1. Summary
----------

+----------------------------------------------------------+-------+
|                          Status                          | Count |
+----------------------------------------------------------+-------+
| Number of unique control sets                            |     6 |
| Unused register locations in slices containing registers |    10 |
+----------------------------------------------------------+-------+


2. Histogram
------------

+--------+--------------+
| Fanout | Control Sets |
+--------+--------------+
|      8 |            1 |
|    16+ |            5 |
+--------+--------------+


3. Flip-Flop Distribution
-------------------------

+--------------+-----------------------+------------------------+-----------------+--------------+
| Clock Enable | Synchronous Set/Reset | Asynchronous Set/Reset | Total Registers | Total Slices |
+--------------+-----------------------+------------------------+-----------------+--------------+
| No           | No                    | No                     |               8 |            3 |
| No           | No                    | Yes                    |               0 |            0 |
| No           | Yes                   | No                     |              30 |            4 |
| Yes          | No                    | No                     |              52 |           13 |
| Yes          | No                    | Yes                    |               0 |            0 |
| Yes          | Yes                   | No                     |              52 |            7 |
+--------------+-----------------------+------------------------+-----------------+--------------+


4. Detailed Control Set Information
-----------------------------------

+--------------------+----------------------+------------------+------------------+----------------+
|    Clock Signal    |     Enable Signal    | Set/Reset Signal | Slice Load Count | Bel Load Count |
+--------------------+----------------------+------------------+------------------+----------------+
|  sys_clk_IBUF_BUFG |                      |                  |                3 |              8 |
|  sys_clk_IBUF_BUFG | cnter/sec[7]_i_1_n_0 |                  |                6 |             16 |
|  sys_clk_IBUF_BUFG | cnter/min[7]_i_1_n_0 |                  |                4 |             16 |
|  sys_clk_IBUF_BUFG | enc/E[0]             |                  |                3 |             20 |
|  sys_clk_IBUF_BUFG |                      | enc/E[0]         |                4 |             30 |
|  sys_clk_IBUF_BUFG | cnter/go_reg_n_0     | cnter/counter    |                7 |             52 |
+--------------------+----------------------+------------------+------------------+----------------+


